{
  "Entries": [
    {
      "RequestUri": "https://management.azure.com/subscriptions/c526bbbc-c5ff-46b0-9ca8-3e8cb92a2cf5/resourceGroups/MediaServiceRG3206/providers/Microsoft.Media/mediaservices/mediadotnetsdktests4051?api-version=2023-01-01",
      "RequestMethod": "PUT",
      "RequestHeaders": {
        "Accept": "application/json",
        "Authorization": "Sanitized",
        "Content-Length": "245",
        "Content-Type": "application/json",
        "traceparent": "00-43905aaaf66d53ddb78befb8a3d4e18a-78d3c10cc69bff11-00",
        "User-Agent": "azsdk-net-ResourceManager.Media/1.2.0-alpha.20230226.1 (.NET 6.0.14; Microsoft Windows 10.0.22621)",
        "x-ms-client-request-id": "82b99539d3ce7292100d2e80ea42e970",
        "x-ms-return-client-request-id": "true"
      },
      "RequestBody": {
        "tags": {},
        "location": "westus2",
        "properties": {
          "storageAccounts": [
            {
              "id": "/subscriptions/c526bbbc-c5ff-46b0-9ca8-3e8cb92a2cf5/resourceGroups/MediaServiceRG3206/providers/Microsoft.Storage/storageAccounts/azstorageformedia5422",
              "type": "Primary"
            }
          ]
        }
      },
      "StatusCode": 201,
      "ResponseHeaders": {
        "Azure-AsyncOperation": "https://management.azure.com/subscriptions/c526bbbc-c5ff-46b0-9ca8-3e8cb92a2cf5/providers/Microsoft.Media/locations/westus2/mediaServicesOperationStatuses/40e32c06-b866-4ce0-ba35-f362f666c50a?api-version=2023-01-01",
        "Cache-Control": "no-cache",
        "Content-Length": "830",
        "Content-Type": "application/json; odata.metadata=minimal",
        "Date": "Mon, 06 Mar 2023 18:26:01 GMT",
        "Expires": "-1",
        "Location": "https://management.azure.com/subscriptions/c526bbbc-c5ff-46b0-9ca8-3e8cb92a2cf5/providers/Microsoft.Media/locations/westus2/mediaServicesOperationResults/40e32c06-b866-4ce0-ba35-f362f666c50a?api-version=2023-01-01",
        "OData-Version": "4.0",
        "Pragma": "no-cache",
        "Retry-After": "30",
        "Server": "Microsoft-HTTPAPI/2.0",
        "Strict-Transport-Security": "max-age=31536000; includeSubDomains",
        "X-Content-Type-Options": "nosniff",
        "x-ms-client-request-id": "82b99539d3ce7292100d2e80ea42e970",
        "x-ms-correlation-request-id": "9fe70eec-b1c1-4af1-bd6c-6765b43e9715",
        "x-ms-ratelimit-remaining-subscription-writes": "1155",
        "x-ms-request-id": "b3772d31-d03b-44a8-b1c4-e4c743e83b3b",
        "x-ms-routing-request-id": "WESTCENTRALUS:20230306T182602Z:9fe70eec-b1c1-4af1-bd6c-6765b43e9715"
      },
      "ResponseBody": {
        "name": "mediadotnetsdktests4051",
        "id": "/subscriptions/c526bbbc-c5ff-46b0-9ca8-3e8cb92a2cf5/resourceGroups/MediaServiceRG3206/providers/Microsoft.Media/mediaservices/mediadotnetsdktests4051",
        "type": "Microsoft.Media/mediaservices",
        "location": "West US 2",
        "tags": {},
        "properties": {
          "mediaServiceId": "6cf7433d-4bae-4ac7-b8f8-75cd253c5f3e",
          "storageAccounts": [
            {
              "id": "/subscriptions/c526bbbc-c5ff-46b0-9ca8-3e8cb92a2cf5/resourceGroups/MediaServiceRG3206/providers/Microsoft.Storage/storageAccounts/azstorageformedia5422",
              "type": "Primary"
            }
          ],
          "keyDelivery": {
            "accessControl": {
              "defaultAction": "Allow",
              "ipAllowList": []
            }
          },
          "publicNetworkAccess": "Enabled",
          "provisioningState": "InProgress",
          "privateEndpointConnections": []
        }
      }
    },
    {
      "RequestUri": "https://management.azure.com/subscriptions/c526bbbc-c5ff-46b0-9ca8-3e8cb92a2cf5/providers/Microsoft.Media/locations/westus2/mediaServicesOperationStatuses/40e32c06-b866-4ce0-ba35-f362f666c50a?api-version=2023-01-01",
      "RequestMethod": "GET",
      "RequestHeaders": {
        "Authorization": "Sanitized",
        "traceparent": "00-43905aaaf66d53ddb78befb8a3d4e18a-eace2a29a22ca98e-00",
        "User-Agent": "azsdk-net-ResourceManager/1.4.0 (.NET 6.0.14; Microsoft Windows 10.0.22621)",
        "x-ms-client-request-id": "d9098557eaec4925c0e5677af8ef22b3",
        "x-ms-return-client-request-id": "true"
      },
      "RequestBody": null,
      "StatusCode": 200,
      "ResponseHeaders": {
        "Cache-Control": "no-cache",
        "Content-Length": "289",
        "Content-Type": "application/json; odata.metadata=minimal; odata.streaming=true",
        "Date": "Mon, 06 Mar 2023 18:26:01 GMT",
        "Expires": "-1",
        "OData-Version": "4.0",
        "Pragma": "no-cache",
        "Server": "Microsoft-HTTPAPI/2.0",
        "Strict-Transport-Security": "max-age=31536000; includeSubDomains",
        "X-Content-Type-Options": "nosniff",
        "x-ms-client-request-id": "d9098557eaec4925c0e5677af8ef22b3",
        "x-ms-correlation-request-id": "6069ab41-b747-4817-a4e4-60d614328cdb",
        "x-ms-ratelimit-remaining-subscription-reads": "11915",
        "x-ms-request-id": "990fb01e-4498-4a7a-b8b6-f13f64a95070",
        "x-ms-routing-request-id": "WESTCENTRALUS:20230306T182602Z:6069ab41-b747-4817-a4e4-60d614328cdb"
      },
      "ResponseBody": {
        "name": "40e32c06-b866-4ce0-ba35-f362f666c50a",
        "id": "/subscriptions/c526bbbc-c5ff-46b0-9ca8-3e8cb92a2cf5/providers/Microsoft.Media/locations/westus2/mediaServicesOperationStatuses/40e32c06-b866-4ce0-ba35-f362f666c50a",
        "startTime": "2023-03-06T18:26:01.8370941Z",
        "status": "InProgress"
      }
    },
    {
      "RequestUri": "https://management.azure.com/subscriptions/c526bbbc-c5ff-46b0-9ca8-3e8cb92a2cf5/providers/Microsoft.Media/locations/westus2/mediaServicesOperationStatuses/40e32c06-b866-4ce0-ba35-f362f666c50a?api-version=2023-01-01",
      "RequestMethod": "GET",
      "RequestHeaders": {
        "Authorization": "Sanitized",
        "traceparent": "00-43905aaaf66d53ddb78befb8a3d4e18a-14f3e6d84e17a568-00",
        "User-Agent": "azsdk-net-ResourceManager/1.4.0 (.NET 6.0.14; Microsoft Windows 10.0.22621)",
        "x-ms-client-request-id": "94ee8e4bee80bfd69a40e2a77ff67db8",
        "x-ms-return-client-request-id": "true"
      },
      "RequestBody": null,
      "StatusCode": 200,
      "ResponseHeaders": {
        "Cache-Control": "no-cache",
        "Content-Length": "327",
        "Content-Type": "application/json; odata.metadata=minimal; odata.streaming=true",
        "Date": "Mon, 06 Mar 2023 18:26:02 GMT",
        "Expires": "-1",
        "OData-Version": "4.0",
        "Pragma": "no-cache",
        "Server": "Microsoft-HTTPAPI/2.0",
        "Strict-Transport-Security": "max-age=31536000; includeSubDomains",
        "X-Content-Type-Options": "nosniff",
        "x-ms-client-request-id": "94ee8e4bee80bfd69a40e2a77ff67db8",
        "x-ms-correlation-request-id": "16722f3d-ae53-4dab-9939-50704fc869cc",
        "x-ms-ratelimit-remaining-subscription-reads": "11914",
        "x-ms-request-id": "bb5fd753-960e-4114-a147-c0c522b695b1",
        "x-ms-routing-request-id": "WESTCENTRALUS:20230306T182603Z:16722f3d-ae53-4dab-9939-50704fc869cc"
      },
      "ResponseBody": {
        "name": "40e32c06-b866-4ce0-ba35-f362f666c50a",
        "id": "/subscriptions/c526bbbc-c5ff-46b0-9ca8-3e8cb92a2cf5/providers/Microsoft.Media/locations/westus2/mediaServicesOperationStatuses/40e32c06-b866-4ce0-ba35-f362f666c50a",
        "startTime": "2023-03-06T18:26:01.8370941Z",
        "endTime": "2023-03-06T18:26:02.29025Z",
        "status": "Succeeded"
      }
    },
    {
      "RequestUri": "https://management.azure.com/subscriptions/c526bbbc-c5ff-46b0-9ca8-3e8cb92a2cf5/resourceGroups/MediaServiceRG3206/providers/Microsoft.Media/mediaservices/mediadotnetsdktests4051?api-version=2023-01-01",
      "RequestMethod": "GET",
      "RequestHeaders": {
        "Authorization": "Sanitized",
        "traceparent": "00-43905aaaf66d53ddb78befb8a3d4e18a-ff93ae90fcf1a9d8-00",
        "User-Agent": "azsdk-net-ResourceManager/1.4.0 (.NET 6.0.14; Microsoft Windows 10.0.22621)",
        "x-ms-client-request-id": "65294d2f10381d84cee4bf72127f80b0",
        "x-ms-return-client-request-id": "true"
      },
      "RequestBody": null,
      "StatusCode": 200,
      "ResponseHeaders": {
        "Cache-Control": "no-cache",
        "Content-Length": "918",
        "Content-Type": "application/json; odata.metadata=minimal; odata.streaming=true",
        "Date": "Mon, 06 Mar 2023 18:26:03 GMT",
        "Expires": "-1",
        "OData-Version": "4.0",
        "Pragma": "no-cache",
        "Server": "Microsoft-HTTPAPI/2.0",
        "Strict-Transport-Security": "max-age=31536000; includeSubDomains",
        "X-Content-Type-Options": "nosniff",
        "x-ms-client-request-id": "65294d2f10381d84cee4bf72127f80b0",
        "x-ms-correlation-request-id": "330a3814-6d1a-4258-9c57-6fa2f7d91f41",
        "x-ms-ratelimit-remaining-subscription-reads": "11913",
        "x-ms-request-id": "051d6bd4-0f79-45dd-bf4b-a13e2af11088",
        "x-ms-routing-request-id": "WESTCENTRALUS:20230306T182603Z:330a3814-6d1a-4258-9c57-6fa2f7d91f41"
      },
      "ResponseBody": {
        "name": "mediadotnetsdktests4051",
        "id": "/subscriptions/c526bbbc-c5ff-46b0-9ca8-3e8cb92a2cf5/resourceGroups/MediaServiceRG3206/providers/Microsoft.Media/mediaservices/mediadotnetsdktests4051",
        "type": "Microsoft.Media/mediaservices",
        "location": "West US 2",
        "properties": {
          "mediaServiceId": "6cf7433d-4bae-4ac7-b8f8-75cd253c5f3e",
          "storageAccounts": [
            {
              "id": "/subscriptions/c526bbbc-c5ff-46b0-9ca8-3e8cb92a2cf5/resourceGroups/MediaServiceRG3206/providers/Microsoft.Storage/storageAccounts/azstorageformedia5422",
              "type": "Primary"
            }
          ],
          "storageAuthentication": "System",
          "encryption": {
            "type": "SystemKey"
          },
          "keyDelivery": {
            "accessControl": {
              "defaultAction": "Allow",
              "ipAllowList": []
            }
          },
          "publicNetworkAccess": "Enabled",
          "provisioningState": "Succeeded",
          "privateEndpointConnections": [],
          "minimumTlsVersion": "Tls12"
        }
      }
    },
    {
      "RequestUri": "https://management.azure.com/subscriptions/c526bbbc-c5ff-46b0-9ca8-3e8cb92a2cf5/resourceGroups/MediaServiceRG3206/providers/Microsoft.Media/mediaServices/mediadotnetsdktests4051/contentKeyPolicies/contentKeyPolicy1954?api-version=2022-08-01",
      "RequestMethod": "PUT",
      "RequestHeaders": {
        "Accept": "application/json",
        "Authorization": "Sanitized",
        "Content-Length": "200",
        "Content-Type": "application/json",
        "traceparent": "00-3f0c1d16a7da175a0b78e1857a8f7657-20d3ca57e89dddd3-00",
        "User-Agent": "azsdk-net-ResourceManager.Media/1.2.0-alpha.20230226.1 (.NET 6.0.14; Microsoft Windows 10.0.22621)",
        "x-ms-client-request-id": "6a65509f6048ae68493eab087dc9c967",
        "x-ms-return-client-request-id": "true"
      },
      "RequestBody": {
        "properties": {
          "options": [
            {
              "configuration": {
                "@odata.type": "#Microsoft.Media.ContentKeyPolicyClearKeyConfiguration"
              },
              "restriction": {
                "@odata.type": "#Microsoft.Media.ContentKeyPolicyOpenRestriction"
              }
            }
          ]
        }
      },
      "StatusCode": 200,
      "ResponseHeaders": {
        "Cache-Control": "no-cache",
        "Content-Length": "1048",
        "Content-Type": "application/json; odata.metadata=minimal",
        "Date": "Mon, 06 Mar 2023 18:26:03 GMT",
        "Expires": "-1",
        "OData-Version": "4.0",
        "Pragma": "no-cache",
        "Server": "Microsoft-HTTPAPI/2.0",
        "Strict-Transport-Security": "max-age=31536000; includeSubDomains",
        "X-Content-Type-Options": "nosniff",
        "x-ms-client-request-id": "6a65509f6048ae68493eab087dc9c967",
        "x-ms-correlation-request-id": "f8448b45-33c9-4b76-8e87-ba7b662a044a",
        "x-ms-ratelimit-remaining-subscription-writes": "1154",
        "x-ms-request-id": "3570ae7a-4d17-4c56-97f6-cadd05c3d88b",
        "x-ms-routing-request-id": "WESTCENTRALUS:20230306T182603Z:f8448b45-33c9-4b76-8e87-ba7b662a044a"
      },
      "ResponseBody": {
        "name": "contentKeyPolicy1954",
        "id": "/subscriptions/c526bbbc-c5ff-46b0-9ca8-3e8cb92a2cf5/resourceGroups/MediaServiceRG3206/providers/Microsoft.Media/mediaservices/mediadotnetsdktests4051/contentKeyPolicies/contentKeyPolicy1954",
        "type": "Microsoft.Media/mediaservices/contentKeyPolicies",
        "properties": {
          "policyId": "d0fe672c-3d02-4004-a8b5-3cad5425a1f0",
          "created": "2023-03-06T18:26:03.637Z",
          "lastModified": "2023-03-06T18:26:03.637Z",
          "options": [
            {
              "policyOptionId": "c9a008e9-6ff0-43ea-99e7-04b1f0a876dc",
              "configuration": {
                "@odata.type": "#Microsoft.Media.ContentKeyPolicyClearKeyConfiguration"
              },
              "restriction": {
                "@odata.type": "#Microsoft.Media.ContentKeyPolicyOpenRestriction"
              }
            }
          ]
        },
        "systemData": {
          "createdBy": "d2631ee4-9bcf-4b98-bd42-dced0fadaa92",
          "createdByType": "Application",
          "createdAt": "2023-03-06T18:26:03.566122Z",
          "lastModifiedBy": "d2631ee4-9bcf-4b98-bd42-dced0fadaa92",
          "lastModifiedByType": "Application",
          "lastModifiedAt": "2023-03-06T18:26:03.566122Z"
        }
      }
    },
    {
      "RequestUri": "https://management.azure.com/subscriptions/c526bbbc-c5ff-46b0-9ca8-3e8cb92a2cf5/resourceGroups/MediaServiceRG3206/providers/Microsoft.Media/mediaServices/mediadotnetsdktests4051/contentKeyPolicies/contentKeyPolicy1954?api-version=2022-08-01",
      "RequestMethod": "GET",
      "RequestHeaders": {
        "Accept": "application/json",
        "Authorization": "Sanitized",
        "traceparent": "00-61104c77beab673dd330279a2e1cb8b4-a742bc8e9d934d7e-00",
        "User-Agent": "azsdk-net-ResourceManager.Media/1.2.0-alpha.20230226.1 (.NET 6.0.14; Microsoft Windows 10.0.22621)",
        "x-ms-client-request-id": "c6ab4aae7abd0a3bd1c69c2f64ac1bc0",
        "x-ms-return-client-request-id": "true"
      },
      "RequestBody": null,
      "StatusCode": 200,
      "ResponseHeaders": {
        "Cache-Control": "no-cache",
        "Content-Length": "1048",
        "Content-Type": "application/json; odata.metadata=minimal",
        "Date": "Mon, 06 Mar 2023 18:26:03 GMT",
        "Expires": "-1",
        "OData-Version": "4.0",
        "Pragma": "no-cache",
        "Server": "Microsoft-HTTPAPI/2.0",
        "Strict-Transport-Security": "max-age=31536000; includeSubDomains",
        "X-Content-Type-Options": "nosniff",
        "x-ms-client-request-id": "c6ab4aae7abd0a3bd1c69c2f64ac1bc0",
        "x-ms-correlation-request-id": "0da40f4d-2b86-42d7-b55a-3753a0046d15",
        "x-ms-ratelimit-remaining-subscription-reads": "11912",
        "x-ms-request-id": "51bb4d4c-d95e-49d2-8dd2-695e418d1a27",
        "x-ms-routing-request-id": "WESTCENTRALUS:20230306T182603Z:0da40f4d-2b86-42d7-b55a-3753a0046d15"
      },
      "ResponseBody": {
        "name": "contentKeyPolicy1954",
        "id": "/subscriptions/c526bbbc-c5ff-46b0-9ca8-3e8cb92a2cf5/resourceGroups/MediaServiceRG3206/providers/Microsoft.Media/mediaservices/mediadotnetsdktests4051/contentKeyPolicies/contentKeyPolicy1954",
        "type": "Microsoft.Media/mediaservices/contentKeyPolicies",
        "properties": {
          "policyId": "d0fe672c-3d02-4004-a8b5-3cad5425a1f0",
          "created": "2023-03-06T18:26:03.637Z",
          "lastModified": "2023-03-06T18:26:03.637Z",
          "options": [
            {
              "policyOptionId": "c9a008e9-6ff0-43ea-99e7-04b1f0a876dc",
              "configuration": {
                "@odata.type": "#Microsoft.Media.ContentKeyPolicyClearKeyConfiguration"
              },
              "restriction": {
                "@odata.type": "#Microsoft.Media.ContentKeyPolicyOpenRestriction"
              }
            }
          ]
        },
        "systemData": {
          "createdBy": "d2631ee4-9bcf-4b98-bd42-dced0fadaa92",
          "createdByType": "Application",
          "createdAt": "2023-03-06T18:26:03.566122Z",
          "lastModifiedBy": "d2631ee4-9bcf-4b98-bd42-dced0fadaa92",
          "lastModifiedByType": "Application",
          "lastModifiedAt": "2023-03-06T18:26:03.566122Z"
        }
      }
    }
  ],
  "Variables": {
    "AZURE_AUTHORITY_HOST": "https://login.microsoftonline.com",
    "DateTimeOffsetNow": "2023-03-06T10:26:00.0137143-08:00",
    "RandomSeed": "1697920054",
    "RESOURCE_MANAGER_URL": null,
    "SUBSCRIPTION_ID": "c526bbbc-c5ff-46b0-9ca8-3e8cb92a2cf5"
  }
}
