{
  "Entries": [
    {
      "RequestUri": "https://management.azure.com/subscriptions/c526bbbc-c5ff-46b0-9ca8-3e8cb92a2cf5/resourceGroups/MediaServiceRG8731/providers/Microsoft.Media/mediaservices/mediadotnetsdktests9894?api-version=2023-01-01",
      "RequestMethod": "PUT",
      "RequestHeaders": {
        "Accept": "application/json",
        "Authorization": "Sanitized",
        "Content-Length": "245",
        "Content-Type": "application/json",
        "traceparent": "00-21153a7dd228d6ce5768f59a3960ad84-ebc412b10463ce22-00",
        "User-Agent": "azsdk-net-ResourceManager.Media/1.2.0-alpha.20230226.1 (.NET 6.0.14; Microsoft Windows 10.0.22621)",
        "x-ms-client-request-id": "9f9376fcfc59ed748a8210fcbaa8e4d9",
        "x-ms-return-client-request-id": "true"
      },
      "RequestBody": {
        "tags": {},
        "location": "westus2",
        "properties": {
          "storageAccounts": [
            {
              "id": "/subscriptions/c526bbbc-c5ff-46b0-9ca8-3e8cb92a2cf5/resourceGroups/MediaServiceRG8731/providers/Microsoft.Storage/storageAccounts/azstorageformedia1502",
              "type": "Primary"
            }
          ]
        }
      },
      "StatusCode": 201,
      "ResponseHeaders": {
        "Azure-AsyncOperation": "https://management.azure.com/subscriptions/c526bbbc-c5ff-46b0-9ca8-3e8cb92a2cf5/providers/Microsoft.Media/locations/westus2/mediaServicesOperationStatuses/a648fba6-3eaa-46c5-8386-0c667f74c558?api-version=2023-01-01",
        "Cache-Control": "no-cache",
        "Content-Length": "830",
        "Content-Type": "application/json; odata.metadata=minimal",
        "Date": "Mon, 06 Mar 2023 18:37:05 GMT",
        "Expires": "-1",
        "Location": "https://management.azure.com/subscriptions/c526bbbc-c5ff-46b0-9ca8-3e8cb92a2cf5/providers/Microsoft.Media/locations/westus2/mediaServicesOperationResults/a648fba6-3eaa-46c5-8386-0c667f74c558?api-version=2023-01-01",
        "OData-Version": "4.0",
        "Pragma": "no-cache",
        "Retry-After": "30",
        "Server": "Microsoft-HTTPAPI/2.0",
        "Strict-Transport-Security": "max-age=31536000; includeSubDomains",
        "X-Content-Type-Options": "nosniff",
        "x-ms-client-request-id": "9f9376fcfc59ed748a8210fcbaa8e4d9",
        "x-ms-correlation-request-id": "572ac1bd-dc20-4408-89d2-e799e0bf3afb",
        "x-ms-ratelimit-remaining-subscription-writes": "1108",
        "x-ms-request-id": "d49e87cc-3320-4842-adef-46c2cbe3bc21",
        "x-ms-routing-request-id": "WESTUS:20230306T183705Z:572ac1bd-dc20-4408-89d2-e799e0bf3afb"
      },
      "ResponseBody": {
        "name": "mediadotnetsdktests9894",
        "id": "/subscriptions/c526bbbc-c5ff-46b0-9ca8-3e8cb92a2cf5/resourceGroups/MediaServiceRG8731/providers/Microsoft.Media/mediaservices/mediadotnetsdktests9894",
        "type": "Microsoft.Media/mediaservices",
        "location": "West US 2",
        "tags": {},
        "properties": {
          "mediaServiceId": "d494f52c-c56d-427a-a83a-be9e48022eb9",
          "storageAccounts": [
            {
              "id": "/subscriptions/c526bbbc-c5ff-46b0-9ca8-3e8cb92a2cf5/resourceGroups/MediaServiceRG8731/providers/Microsoft.Storage/storageAccounts/azstorageformedia1502",
              "type": "Primary"
            }
          ],
          "keyDelivery": {
            "accessControl": {
              "defaultAction": "Allow",
              "ipAllowList": []
            }
          },
          "publicNetworkAccess": "Enabled",
          "provisioningState": "InProgress",
          "privateEndpointConnections": []
        }
      }
    },
    {
      "RequestUri": "https://management.azure.com/subscriptions/c526bbbc-c5ff-46b0-9ca8-3e8cb92a2cf5/providers/Microsoft.Media/locations/westus2/mediaServicesOperationStatuses/a648fba6-3eaa-46c5-8386-0c667f74c558?api-version=2023-01-01",
      "RequestMethod": "GET",
      "RequestHeaders": {
        "Authorization": "Sanitized",
        "traceparent": "00-21153a7dd228d6ce5768f59a3960ad84-cf69699b2249b89e-00",
        "User-Agent": "azsdk-net-ResourceManager/1.4.0 (.NET 6.0.14; Microsoft Windows 10.0.22621)",
        "x-ms-client-request-id": "b5e9e510dc6254853b079a2ef85937e6",
        "x-ms-return-client-request-id": "true"
      },
      "RequestBody": null,
      "StatusCode": 200,
      "ResponseHeaders": {
        "Cache-Control": "no-cache",
        "Content-Length": "289",
        "Content-Type": "application/json; odata.metadata=minimal; odata.streaming=true",
        "Date": "Mon, 06 Mar 2023 18:37:05 GMT",
        "Expires": "-1",
        "OData-Version": "4.0",
        "Pragma": "no-cache",
        "Server": "Microsoft-HTTPAPI/2.0",
        "Strict-Transport-Security": "max-age=31536000; includeSubDomains",
        "X-Content-Type-Options": "nosniff",
        "x-ms-client-request-id": "b5e9e510dc6254853b079a2ef85937e6",
        "x-ms-correlation-request-id": "ddee7f79-2cbf-4d17-a1c2-323b85c73305",
        "x-ms-ratelimit-remaining-subscription-reads": "11763",
        "x-ms-request-id": "92a45c2c-2710-492e-94f8-ba773545eb5a",
        "x-ms-routing-request-id": "WESTUS:20230306T183705Z:ddee7f79-2cbf-4d17-a1c2-323b85c73305"
      },
      "ResponseBody": {
        "name": "a648fba6-3eaa-46c5-8386-0c667f74c558",
        "id": "/subscriptions/c526bbbc-c5ff-46b0-9ca8-3e8cb92a2cf5/providers/Microsoft.Media/locations/westus2/mediaServicesOperationStatuses/a648fba6-3eaa-46c5-8386-0c667f74c558",
        "startTime": "2023-03-06T18:37:05.5270301Z",
        "status": "InProgress"
      }
    },
    {
      "RequestUri": "https://management.azure.com/subscriptions/c526bbbc-c5ff-46b0-9ca8-3e8cb92a2cf5/providers/Microsoft.Media/locations/westus2/mediaServicesOperationStatuses/a648fba6-3eaa-46c5-8386-0c667f74c558?api-version=2023-01-01",
      "RequestMethod": "GET",
      "RequestHeaders": {
        "Authorization": "Sanitized",
        "traceparent": "00-21153a7dd228d6ce5768f59a3960ad84-5578670f668ea138-00",
        "User-Agent": "azsdk-net-ResourceManager/1.4.0 (.NET 6.0.14; Microsoft Windows 10.0.22621)",
        "x-ms-client-request-id": "9a508656e13ae3922ca4d9539ad813e0",
        "x-ms-return-client-request-id": "true"
      },
      "RequestBody": null,
      "StatusCode": 200,
      "ResponseHeaders": {
        "Cache-Control": "no-cache",
        "Content-Length": "329",
        "Content-Type": "application/json; odata.metadata=minimal; odata.streaming=true",
        "Date": "Mon, 06 Mar 2023 18:37:06 GMT",
        "Expires": "-1",
        "OData-Version": "4.0",
        "Pragma": "no-cache",
        "Server": "Microsoft-HTTPAPI/2.0",
        "Strict-Transport-Security": "max-age=31536000; includeSubDomains",
        "X-Content-Type-Options": "nosniff",
        "x-ms-client-request-id": "9a508656e13ae3922ca4d9539ad813e0",
        "x-ms-correlation-request-id": "33e4fa78-7081-407e-a021-4ff441eb1960",
        "x-ms-ratelimit-remaining-subscription-reads": "11762",
        "x-ms-request-id": "a6a47723-6df0-4efc-b33f-380baa9f41c6",
        "x-ms-routing-request-id": "WESTUS:20230306T183706Z:33e4fa78-7081-407e-a021-4ff441eb1960"
      },
      "ResponseBody": {
        "name": "a648fba6-3eaa-46c5-8386-0c667f74c558",
        "id": "/subscriptions/c526bbbc-c5ff-46b0-9ca8-3e8cb92a2cf5/providers/Microsoft.Media/locations/westus2/mediaServicesOperationStatuses/a648fba6-3eaa-46c5-8386-0c667f74c558",
        "startTime": "2023-03-06T18:37:05.5270301Z",
        "endTime": "2023-03-06T18:37:05.8864208Z",
        "status": "Succeeded"
      }
    },
    {
      "RequestUri": "https://management.azure.com/subscriptions/c526bbbc-c5ff-46b0-9ca8-3e8cb92a2cf5/resourceGroups/MediaServiceRG8731/providers/Microsoft.Media/mediaservices/mediadotnetsdktests9894?api-version=2023-01-01",
      "RequestMethod": "GET",
      "RequestHeaders": {
        "Authorization": "Sanitized",
        "traceparent": "00-21153a7dd228d6ce5768f59a3960ad84-3861d5fee1199711-00",
        "User-Agent": "azsdk-net-ResourceManager/1.4.0 (.NET 6.0.14; Microsoft Windows 10.0.22621)",
        "x-ms-client-request-id": "d4ec413b2fbf49760284be127f1cf56d",
        "x-ms-return-client-request-id": "true"
      },
      "RequestBody": null,
      "StatusCode": 200,
      "ResponseHeaders": {
        "Cache-Control": "no-cache",
        "Content-Length": "918",
        "Content-Type": "application/json; odata.metadata=minimal; odata.streaming=true",
        "Date": "Mon, 06 Mar 2023 18:37:06 GMT",
        "Expires": "-1",
        "OData-Version": "4.0",
        "Pragma": "no-cache",
        "Server": "Microsoft-HTTPAPI/2.0",
        "Strict-Transport-Security": "max-age=31536000; includeSubDomains",
        "X-Content-Type-Options": "nosniff",
        "x-ms-client-request-id": "d4ec413b2fbf49760284be127f1cf56d",
        "x-ms-correlation-request-id": "d223f3b5-2ada-4c2a-9e1a-8638b633bb2b",
        "x-ms-ratelimit-remaining-subscription-reads": "11761",
        "x-ms-request-id": "676d405b-e408-4af5-a8eb-9b25e0a12a8b",
        "x-ms-routing-request-id": "WESTUS:20230306T183706Z:d223f3b5-2ada-4c2a-9e1a-8638b633bb2b"
      },
      "ResponseBody": {
        "name": "mediadotnetsdktests9894",
        "id": "/subscriptions/c526bbbc-c5ff-46b0-9ca8-3e8cb92a2cf5/resourceGroups/MediaServiceRG8731/providers/Microsoft.Media/mediaservices/mediadotnetsdktests9894",
        "type": "Microsoft.Media/mediaservices",
        "location": "West US 2",
        "properties": {
          "mediaServiceId": "d494f52c-c56d-427a-a83a-be9e48022eb9",
          "storageAccounts": [
            {
              "id": "/subscriptions/c526bbbc-c5ff-46b0-9ca8-3e8cb92a2cf5/resourceGroups/MediaServiceRG8731/providers/Microsoft.Storage/storageAccounts/azstorageformedia1502",
              "type": "Primary"
            }
          ],
          "storageAuthentication": "System",
          "encryption": {
            "type": "SystemKey"
          },
          "keyDelivery": {
            "accessControl": {
              "defaultAction": "Allow",
              "ipAllowList": []
            }
          },
          "publicNetworkAccess": "Enabled",
          "provisioningState": "Succeeded",
          "privateEndpointConnections": [],
          "minimumTlsVersion": "Tls12"
        }
      }
    },
    {
      "RequestUri": "https://management.azure.com/subscriptions/c526bbbc-c5ff-46b0-9ca8-3e8cb92a2cf5/resourceGroups/MediaServiceRG8731/providers/Microsoft.Media/mediaservices/mediadotnetsdktests9894/streamingEndpoints/streamingEndpoint8148?api-version=2022-11-01",
      "RequestMethod": "PUT",
      "RequestHeaders": {
        "Accept": "application/json",
        "Authorization": "Sanitized",
        "Content-Length": "48",
        "Content-Type": "application/json",
        "traceparent": "00-92a70947ac9e2589112dfc68e9936fc3-759803a6e090e2db-00",
        "User-Agent": "azsdk-net-ResourceManager.Media/1.2.0-alpha.20230226.1 (.NET 6.0.14; Microsoft Windows 10.0.22621)",
        "x-ms-client-request-id": "5953447b93ac522e0689bd0232b962f3",
        "x-ms-return-client-request-id": "true"
      },
      "RequestBody": {
        "tags": {},
        "location": "westus2",
        "properties": {}
      },
      "StatusCode": 201,
      "ResponseHeaders": {
        "Azure-AsyncOperation": "https://management.azure.com/subscriptions/c526bbbc-c5ff-46b0-9ca8-3e8cb92a2cf5/resourcegroups/MediaServiceRG8731/providers/Microsoft.Media/mediaservices/mediadotnetsdktests9894/streamingendpointoperations/526b220f-c664-4f5f-af91-51cadd53cbad?api-version=2022-11-01",
        "Cache-Control": "no-cache",
        "Content-Length": "1197",
        "Content-Type": "application/json; odata.metadata=minimal",
        "Date": "Mon, 06 Mar 2023 18:37:07 GMT",
        "Expires": "-1",
        "Location": "https://management.azure.com/subscriptions/c526bbbc-c5ff-46b0-9ca8-3e8cb92a2cf5/resourcegroups/MediaServiceRG8731/providers/Microsoft.Media/mediaservices/mediadotnetsdktests9894/streamingendpoints/streamingEndpoint8148/operationlocations/526b220f-c664-4f5f-af91-51cadd53cbad?api-version=2022-11-01",
        "OData-Version": "4.0",
        "Pragma": "no-cache",
        "Retry-After": "2",
        "Server": "Microsoft-HTTPAPI/2.0",
        "Strict-Transport-Security": "max-age=31536000; includeSubDomains",
        "X-Content-Type-Options": "nosniff",
        "x-ms-client-request-id": "5953447b93ac522e0689bd0232b962f3",
        "x-ms-correlation-request-id": "6e757303-5e19-4e95-8357-370b78c0a64d",
        "x-ms-ratelimit-remaining-subscription-writes": "1107",
        "x-ms-request-id": "b3327608-e021-4a7e-b8bc-021655202611",
        "x-ms-routing-request-id": "WESTUS:20230306T183707Z:6e757303-5e19-4e95-8357-370b78c0a64d"
      },
      "ResponseBody": {
        "name": "streamingEndpoint8148",
        "id": "/subscriptions/c526bbbc-c5ff-46b0-9ca8-3e8cb92a2cf5/resourceGroups/MediaServiceRG8731/providers/Microsoft.Media/mediaservices/mediadotnetsdktests9894/streamingendpoints/streamingEndpoint8148",
        "type": "Microsoft.Media/mediaservices/streamingEndpoints",
        "location": "West US 2",
        "tags": {},
        "properties": {
          "description": "",
          "scaleUnits": 0,
          "availabilitySetName": null,
          "cdnEnabled": false,
          "cdnProvider": null,
          "cdnProfile": "",
          "maxCacheAge": null,
          "customHostNames": [],
          "accessControl": null,
          "crossSiteAccessPolicies": null,
          "hostName": "streamingendpoint8148-mediadotnetsdktests9894-usw22.streaming.media.azure.net",
          "freeTrialEndTime": "0001-01-01T00:00:00Z",
          "provisioningState": "InProgress",
          "resourceState": "Stopped",
          "created": "2023-03-06T18:37:07.4506405Z",
          "lastModified": "2023-03-06T18:37:07.4506405Z"
        },
        "systemData": {
          "createdBy": "d2631ee4-9bcf-4b98-bd42-dced0fadaa92",
          "createdByType": "Application",
          "createdAt": "2023-03-06T18:37:07.3830531Z",
          "lastModifiedBy": "d2631ee4-9bcf-4b98-bd42-dced0fadaa92",
          "lastModifiedByType": "Application",
          "lastModifiedAt": "2023-03-06T18:37:07.3830531Z"
        },
        "sku": {
          "name": "Standard",
          "capacity": 0
        }
      }
    },
    {
      "RequestUri": "https://management.azure.com/subscriptions/c526bbbc-c5ff-46b0-9ca8-3e8cb92a2cf5/resourcegroups/MediaServiceRG8731/providers/Microsoft.Media/mediaservices/mediadotnetsdktests9894/streamingendpointoperations/526b220f-c664-4f5f-af91-51cadd53cbad?api-version=2022-11-01",
      "RequestMethod": "GET",
      "RequestHeaders": {
        "Authorization": "Sanitized",
        "traceparent": "00-92a70947ac9e2589112dfc68e9936fc3-f634a1ebcac976f5-00",
        "User-Agent": "azsdk-net-ResourceManager/1.4.0 (.NET 6.0.14; Microsoft Windows 10.0.22621)",
        "x-ms-client-request-id": "931f866c86bfae8ebd81b8a5b947d0ca",
        "x-ms-return-client-request-id": "true"
      },
      "RequestBody": null,
      "StatusCode": 200,
      "ResponseHeaders": {
        "Azure-AsyncOperation": "https://management.azure.com/subscriptions/c526bbbc-c5ff-46b0-9ca8-3e8cb92a2cf5/resourcegroups/MediaServiceRG8731/providers/Microsoft.Media/mediaservices/mediadotnetsdktests9894/streamingendpointoperations/526b220f-c664-4f5f-af91-51cadd53cbad?api-version=2022-11-01",
        "Cache-Control": "no-cache",
        "Content-Length": "172",
        "Content-Type": "application/json; odata.metadata=minimal; odata.streaming=true",
        "Date": "Mon, 06 Mar 2023 18:37:07 GMT",
        "Expires": "-1",
        "OData-Version": "4.0",
        "Pragma": "no-cache",
        "Retry-After": "2",
        "Server": "Microsoft-HTTPAPI/2.0",
        "Strict-Transport-Security": "max-age=31536000; includeSubDomains",
        "X-Content-Type-Options": "nosniff",
        "x-ms-client-request-id": "931f866c86bfae8ebd81b8a5b947d0ca",
        "x-ms-correlation-request-id": "9012b56d-6ab8-46a7-8742-d69dbc5433dc",
        "x-ms-ratelimit-remaining-subscription-reads": "11760",
        "x-ms-request-id": "a5d4339e-3144-4799-8a57-d5c3e2571907",
        "x-ms-routing-request-id": "WESTUS:20230306T183707Z:9012b56d-6ab8-46a7-8742-d69dbc5433dc"
      },
      "ResponseBody": {
        "name": "526b220f-c664-4f5f-af91-51cadd53cbad",
        "status": "InProgress",
        "error": {
          "code": "None",
          "message": null,
          "target": "93687d3a-42eb-424a-876d-8ed1fe44a15a"
        }
      }
    },
    {
      "RequestUri": "https://management.azure.com/subscriptions/c526bbbc-c5ff-46b0-9ca8-3e8cb92a2cf5/resourcegroups/MediaServiceRG8731/providers/Microsoft.Media/mediaservices/mediadotnetsdktests9894/streamingendpointoperations/526b220f-c664-4f5f-af91-51cadd53cbad?api-version=2022-11-01",
      "RequestMethod": "GET",
      "RequestHeaders": {
        "Authorization": "Sanitized",
        "traceparent": "00-92a70947ac9e2589112dfc68e9936fc3-bd40bdd549b0a48e-00",
        "User-Agent": "azsdk-net-ResourceManager/1.4.0 (.NET 6.0.14; Microsoft Windows 10.0.22621)",
        "x-ms-client-request-id": "29c51e5c003f536a1d445215dd0cd2a2",
        "x-ms-return-client-request-id": "true"
      },
      "RequestBody": null,
      "StatusCode": 200,
      "ResponseHeaders": {
        "Azure-AsyncOperation": "https://management.azure.com/subscriptions/c526bbbc-c5ff-46b0-9ca8-3e8cb92a2cf5/resourcegroups/MediaServiceRG8731/providers/Microsoft.Media/mediaservices/mediadotnetsdktests9894/streamingendpointoperations/526b220f-c664-4f5f-af91-51cadd53cbad?api-version=2022-11-01",
        "Cache-Control": "no-cache",
        "Content-Length": "171",
        "Content-Type": "application/json; odata.metadata=minimal; odata.streaming=true",
        "Date": "Mon, 06 Mar 2023 18:37:09 GMT",
        "Expires": "-1",
        "OData-Version": "4.0",
        "Pragma": "no-cache",
        "Retry-After": "2",
        "Server": "Microsoft-HTTPAPI/2.0",
        "Strict-Transport-Security": "max-age=31536000; includeSubDomains",
        "X-Content-Type-Options": "nosniff",
        "x-ms-client-request-id": "29c51e5c003f536a1d445215dd0cd2a2",
        "x-ms-correlation-request-id": "c7410f0e-37f4-42d6-a3c4-ba737e6da3d3",
        "x-ms-ratelimit-remaining-subscription-reads": "11759",
        "x-ms-request-id": "464657b7-a29a-4279-9d63-e1d41f32560d",
        "x-ms-routing-request-id": "WESTUS:20230306T183709Z:c7410f0e-37f4-42d6-a3c4-ba737e6da3d3"
      },
      "ResponseBody": {
        "name": "526b220f-c664-4f5f-af91-51cadd53cbad",
        "status": "Succeeded",
        "error": {
          "code": "None",
          "message": null,
          "target": "93687d3a-42eb-424a-876d-8ed1fe44a15a"
        }
      }
    },
    {
      "RequestUri": "https://management.azure.com/subscriptions/c526bbbc-c5ff-46b0-9ca8-3e8cb92a2cf5/resourceGroups/MediaServiceRG8731/providers/Microsoft.Media/mediaservices/mediadotnetsdktests9894/streamingEndpoints/streamingEndpoint8148?api-version=2022-11-01",
      "RequestMethod": "GET",
      "RequestHeaders": {
        "Authorization": "Sanitized",
        "traceparent": "00-92a70947ac9e2589112dfc68e9936fc3-f586f6b16609f108-00",
        "User-Agent": "azsdk-net-ResourceManager/1.4.0 (.NET 6.0.14; Microsoft Windows 10.0.22621)",
        "x-ms-client-request-id": "ab950e7ace9a33346408afe16e8256bf",
        "x-ms-return-client-request-id": "true"
      },
      "RequestBody": null,
      "StatusCode": 200,
      "ResponseHeaders": {
        "Cache-Control": "no-cache",
        "Content-Length": "1195",
        "Content-Type": "application/json; odata.metadata=minimal; odata.streaming=true",
        "Date": "Mon, 06 Mar 2023 18:37:09 GMT",
        "Expires": "-1",
        "OData-Version": "4.0",
        "Pragma": "no-cache",
        "Server": "Microsoft-HTTPAPI/2.0",
        "Strict-Transport-Security": "max-age=31536000; includeSubDomains",
        "X-Content-Type-Options": "nosniff",
        "x-ms-client-request-id": "ab950e7ace9a33346408afe16e8256bf",
        "x-ms-correlation-request-id": "b9711e00-3cca-4bee-965a-9afe91558c65",
        "x-ms-ratelimit-remaining-subscription-reads": "11758",
        "x-ms-request-id": "66bdff0f-3f77-41be-9cfe-1983c1055990",
        "x-ms-routing-request-id": "WESTUS:20230306T183710Z:b9711e00-3cca-4bee-965a-9afe91558c65"
      },
      "ResponseBody": {
        "name": "streamingEndpoint8148",
        "id": "/subscriptions/c526bbbc-c5ff-46b0-9ca8-3e8cb92a2cf5/resourceGroups/MediaServiceRG8731/providers/Microsoft.Media/mediaservices/mediadotnetsdktests9894/streamingendpoints/streamingEndpoint8148",
        "type": "Microsoft.Media/mediaservices/streamingEndpoints",
        "location": "West US 2",
        "tags": {},
        "properties": {
          "description": "",
          "scaleUnits": 0,
          "availabilitySetName": null,
          "cdnEnabled": false,
          "cdnProvider": null,
          "cdnProfile": "",
          "maxCacheAge": null,
          "customHostNames": [],
          "accessControl": null,
          "crossSiteAccessPolicies": null,
          "hostName": "streamingendpoint8148-mediadotnetsdktests9894-usw22.streaming.media.azure.net",
          "freeTrialEndTime": "0001-01-01T00:00:00Z",
          "provisioningState": "Succeeded",
          "resourceState": "Stopped",
          "created": "2023-03-06T18:37:07.466263Z",
          "lastModified": "2023-03-06T18:37:08.5598261Z"
        },
        "systemData": {
          "createdBy": "d2631ee4-9bcf-4b98-bd42-dced0fadaa92",
          "createdByType": "Application",
          "createdAt": "2023-03-06T18:37:07.3830531Z",
          "lastModifiedBy": "d2631ee4-9bcf-4b98-bd42-dced0fadaa92",
          "lastModifiedByType": "Application",
          "lastModifiedAt": "2023-03-06T18:37:07.3830531Z"
        },
        "sku": {
          "name": "Standard",
          "capacity": 0
        }
      }
    },
    {
      "RequestUri": "https://management.azure.com/subscriptions/c526bbbc-c5ff-46b0-9ca8-3e8cb92a2cf5/resourceGroups/MediaServiceRG8731/providers/Microsoft.Media/mediaservices/mediadotnetsdktests9894/streamingEndpoints/streamingEndpoint8148?api-version=2022-11-01",
      "RequestMethod": "GET",
      "RequestHeaders": {
        "Accept": "application/json",
        "Authorization": "Sanitized",
        "traceparent": "00-e07e54004cc1a332a9c8beae183b97b0-c6a3ac15153290d2-00",
        "User-Agent": "azsdk-net-ResourceManager.Media/1.2.0-alpha.20230226.1 (.NET 6.0.14; Microsoft Windows 10.0.22621)",
        "x-ms-client-request-id": "60c6ebc7e59e6c6f1bcc767b3378d0b1",
        "x-ms-return-client-request-id": "true"
      },
      "RequestBody": null,
      "StatusCode": 200,
      "ResponseHeaders": {
        "Cache-Control": "no-cache",
        "Content-Length": "1195",
        "Content-Type": "application/json; odata.metadata=minimal",
        "Date": "Mon, 06 Mar 2023 18:37:09 GMT",
        "Expires": "-1",
        "OData-Version": "4.0",
        "Pragma": "no-cache",
        "Server": "Microsoft-HTTPAPI/2.0",
        "Strict-Transport-Security": "max-age=31536000; includeSubDomains",
        "X-Content-Type-Options": "nosniff",
        "x-ms-client-request-id": "60c6ebc7e59e6c6f1bcc767b3378d0b1",
        "x-ms-correlation-request-id": "10713f8e-aa26-494c-aaee-a168ee49f318",
        "x-ms-ratelimit-remaining-subscription-reads": "11757",
        "x-ms-request-id": "3d914d01-fdf6-4354-8ff3-746962503608",
        "x-ms-routing-request-id": "WESTUS:20230306T183710Z:10713f8e-aa26-494c-aaee-a168ee49f318"
      },
      "ResponseBody": {
        "name": "streamingEndpoint8148",
        "id": "/subscriptions/c526bbbc-c5ff-46b0-9ca8-3e8cb92a2cf5/resourceGroups/MediaServiceRG8731/providers/Microsoft.Media/mediaservices/mediadotnetsdktests9894/streamingendpoints/streamingEndpoint8148",
        "type": "Microsoft.Media/mediaservices/streamingEndpoints",
        "location": "West US 2",
        "tags": {},
        "properties": {
          "description": "",
          "scaleUnits": 0,
          "availabilitySetName": null,
          "cdnEnabled": false,
          "cdnProvider": null,
          "cdnProfile": "",
          "maxCacheAge": null,
          "customHostNames": [],
          "accessControl": null,
          "crossSiteAccessPolicies": null,
          "hostName": "streamingendpoint8148-mediadotnetsdktests9894-usw22.streaming.media.azure.net",
          "freeTrialEndTime": "0001-01-01T00:00:00Z",
          "provisioningState": "Succeeded",
          "resourceState": "Stopped",
          "created": "2023-03-06T18:37:07.466263Z",
          "lastModified": "2023-03-06T18:37:08.5598261Z"
        },
        "systemData": {
          "createdBy": "d2631ee4-9bcf-4b98-bd42-dced0fadaa92",
          "createdByType": "Application",
          "createdAt": "2023-03-06T18:37:07.3830531Z",
          "lastModifiedBy": "d2631ee4-9bcf-4b98-bd42-dced0fadaa92",
          "lastModifiedByType": "Application",
          "lastModifiedAt": "2023-03-06T18:37:07.3830531Z"
        },
        "sku": {
          "name": "Standard",
          "capacity": 0
        }
      }
    }
  ],
  "Variables": {
    "AZURE_AUTHORITY_HOST": "https://login.microsoftonline.com",
    "DateTimeOffsetNow": "2023-03-06T10:37:03.5685842-08:00",
    "RandomSeed": "343226864",
    "RESOURCE_MANAGER_URL": null,
    "SUBSCRIPTION_ID": "c526bbbc-c5ff-46b0-9ca8-3e8cb92a2cf5"
  }
}
